### pipenv does not like pip version 18.1
### debug pipenv TypeError: 'module' object is not callable
pipenv run python -m pip install -U pip==18.0

### run 3.6 and 3.7 on MacOS (downgrading from 3.7 to 3.6)
$ brew unlink python
Then install python 3.6.5:
$ brew install https://raw.githubusercontent.com/Homebrew/homebrew-core/f2a764ef944b1080be64bd88dca9a1d80130c558/Formula/python.rb
To get back to python 3.7.0 use:
$ brew switch python 3.7.0
And if need 3.6 again switch with:
$ brew switch python 3.6.5_1

### now pipenv will be broken
$ pip uninstall pipenv
$ pip3 uninstall pipenv
$ rm -fr /usr/local/bin/pipenv 
$ pip3 install -U pipenv

### now should work again
pipenv --three #creates virtualenv for python3

### pipenv | pip
currently attempting both, will eventually use one or the other